# vsim work.uart_test -l log_file.log -coverage -c -do "coverage save -onexit -codeAll coverage_file.ucdb; run -all; exit" 
# Start time: 08:15:14 on May 21,2026
# ** Note: (vsim-3812) Design is being optimized...
# ** Note: (vopt-143) Recognized 1 FSM in module "u_rec(fast)".
# ** Note: (vopt-143) Recognized 1 FSM in module "u_xmit(fast)".
# //  Questa Sim
# //  Version 10.6c linux Jul 25 2017
# //
# //  Copyright 1991-2017 Mentor Graphics Corporation
# //  All Rights Reserved.
# //
# //  QuestaSim and its associated documentation contain trade
# //  secrets and commercial or financial information that are the property of
# //  Mentor Graphics Corporation and are privileged, confidential,
# //  and exempt from disclosure under the Freedom of Information Act,
# //  5 U.S.C. Section 552. Furthermore, this information
# //  is prohibited from disclosure under the Trade Secrets Act,
# //  18 U.S.C. Section 1905.
# //
# Loading work.uart_test(fast)
# Loading work.uart(fast)
# Loading work.baud(fast)
# Loading work.u_xmit(fast)
# Loading work.u_rec(fast)
# coverage save -onexit -codeAll coverage_file.ucdb
#  run -all
# FAIL => RX Test ID - 19 | Expected: 00, Sampled: ff
# FAIL => TX Test ID - 3 | Expected: 00, Sampled: ff
# PASS => TX Test ID - 7 | Matched Data: 7c
# PASS => TX Test ID - 8 | Matched Data: 1c
# PASS => TX Test ID - 9 | Matched Data: a7
# PASS => TX Test ID - 10 | Matched Data: a7
# PASS => TX Test ID - 11 | Matched Data: df
# PASS => TX Test ID - 11 | Matched Data: 6d
# FAIL => RX Test ID - 4 | Expected: 00, Sampled: c1
# PASS => RX Test ID - 12 | Matched Data: f8
# PASS => RX Test ID - 13 | Matched Data: fb
# PASS => RX Test ID - 14 | Matched Data: 11
# PASS => RX Test ID - 15 | Matched Data: 00
# PASS => RX Test ID - 16 | Matched Data: ff
# PASS => RX Test ID - 20 | Matched Data: a2
# PASS => RX Test ID - 20 | Matched Data: fc
# PASS => RX Test ID - 21 | Matched Data: ff
# 
# =================================================
#                SIMULATION REPORT                 
# =================================================
#  Total testcases:  17
#  Total Pass: 14
#  Total Fail:  3
#  PASS percentage:  82.00 
# =================================================
# 
# ** Note: $finish    : tb.v(471)
#    Time: 19036642 ns  Iteration: 0  Instance: /uart_test
# Saving coverage database on exit...
# End time: 08:15:16 on May 21,2026, Elapsed time: 0:00:02
# Errors: 0, Warnings: 0
